[0.012s][info][gc] Using G1
[0.143s][info][gc] GC(0) Pause Young (Normal) (G1 Evacuation Pause) 17M->13M(128M) 17.719ms
[0.165s][info][gc] GC(1) Pause Young (Normal) (G1 Evacuation Pause) 20M->19M(128M) 14.879ms
[0.195s][info][gc] GC(2) Pause Young (Normal) (G1 Evacuation Pause) 31M->28M(128M) 17.040ms
[0.234s][info][gc] GC(3) Pause Young (Normal) (G1 Evacuation Pause) 45M->42M(128M) 21.513ms
[0.290s][info][gc] GC(4) Pause Young (Normal) (G1 Evacuation Pause) 64M->61M(384M) 33.116ms
[0.363s][info][gc] GC(5) Pause Young (Normal) (G1 Evacuation Pause) 89M->86M(384M) 35.353ms
[0.432s][info][gc] GC(6) Pause Young (Normal) (G1 Evacuation Pause) 119M->115M(384M) 35.230ms
[0.516s][info][gc] GC(7) Pause Young (Normal) (G1 Evacuation Pause) 156M->151M(384M) 42.109ms
[0.620s][info][gc] GC(8) Pause Young (Normal) (G1 Evacuation Pause) 200M->191M(1050M) 58.295ms
[0.764s][info][gc] GC(9) Pause Young (Normal) (G1 Evacuation Pause) 248M->241M(1050M) 64.900ms
[0.908s][info][gc] GC(10) Pause Young (Normal) (G1 Evacuation Pause) 306M->297M(1050M) 77.976ms
[1.065s][info][gc] GC(11) Pause Young (Normal) (G1 Evacuation Pause) 371M->361M(1050M) 85.208ms
[1.235s][info][gc] GC(12) Pause Young (Normal) (G1 Evacuation Pause) 443M->433M(1450M) 90.012ms
[1.468s][info][gc] GC(13) Pause Young (Normal) (G1 Evacuation Pause) 526M->510M(1450M) 106.125ms
[1.687s][info][gc] GC(14) Pause Young (Normal) (G1 Evacuation Pause) 611M->596M(1450M) 117.465ms
[1.913s][info][gc] GC(15) Pause Young (Normal) (G1 Evacuation Pause) 704M->682M(1450M) 123.010ms
[2.150s][info][gc] GC(16) Pause Young (Concurrent Start) (G1 Evacuation Pause) 797M->771M(1690M) 128.730ms
[2.150s][info][gc] GC(17) Concurrent Mark Cycle
[2.433s][info][gc] GC(18) Pause Young (Normal) (G1 Evacuation Pause) 882M->855M(1690M) 122.485ms
[2.445s][info][gc] GC(17) Pause Remark 864M->258M(864M) 2.851ms
[2.668s][info][gc] GC(19) Pause Young (Normal) (G1 Evacuation Pause) 364M->339M(864M) 94.464ms
[2.759s][info][gc] GC(17) Pause Cleanup 424M->424M(864M) 0.433ms
[2.771s][info][gc] GC(17) Concurrent Mark Cycle 620.770ms
[2.903s][info][gc] GC(20) Pause Young (Normal) (G1 Evacuation Pause) 457M->435M(864M) 110.232ms
[3.111s][info][gc] GC(21) Pause Young (Concurrent Start) (G1 Evacuation Pause) 551M->526M(864M) 96.665ms
[3.111s][info][gc] GC(22) Concurrent Mark Cycle
[3.276s][info][gc] GC(23) Pause Young (Normal) (G1 Evacuation Pause) 611M->590M(1338M) 77.892ms
[3.353s][info][gc] GC(22) Pause Remark 651M->295M(987M) 1.760ms
[3.566s][info][gc] GC(24) Pause Young (Normal) (G1 Evacuation Pause) 367M->340M(987M) 112.598ms
[3.623s][info][gc] GC(22) Pause Cleanup 398M->398M(987M) 0.436ms
[3.634s][info][gc] GC(22) Concurrent Mark Cycle 522.561ms
[3.856s][info][gc] GC(25) Pause Young (Normal) (G1 Evacuation Pause) 503M->460M(987M) 131.115ms
[4.113s][info][gc] GC(26) Pause Young (Normal) (G1 Evacuation Pause) 604M->567M(987M) 118.490ms
[4.312s][info][gc] GC(27) Pause Young (Concurrent Start) (G1 Evacuation Pause) 677M->648M(987M) 94.506ms
[4.312s][info][gc] GC(28) Concurrent Mark Cycle
[4.473s][info][gc] GC(29) Pause Young (Normal) (G1 Evacuation Pause) 730M->713M(987M) 76.492ms
[4.594s][info][gc] GC(30) Pause Young (Normal) (G1 Evacuation Pause) 772M->765M(1412M) 63.655ms
[4.628s][info][gc] GC(28) Pause Remark 795M->330M(1100M) 1.873ms
[4.830s][info][gc] GC(28) Pause Cleanup 461M->461M(1100M) 0.478ms
[4.843s][info][gc] GC(28) Concurrent Mark Cycle 530.861ms
[4.973s][info][gc] GC(31) Pause Young (Normal) (G1 Evacuation Pause) 471M->429M(1100M) 126.281ms
[5.337s][info][gc] GC(32) Pause Young (Normal) (G1 Evacuation Pause) 675M->545M(1100M) 127.844ms
[5.606s][info][gc] GC(33) Pause Young (Concurrent Start) (G1 Evacuation Pause) 698M->643M(1100M) 122.977ms
[5.606s][info][gc] GC(34) Concurrent Mark Cycle
[5.835s][info][gc] GC(35) Pause Young (Normal) (G1 Evacuation Pause) 762M->728M(1100M) 106.074ms
[5.839s][info][gc] GC(34) Pause Remark 730M->243M(810M) 1.795ms
[6.011s][info][gc] GC(36) Pause Young (Normal) (G1 Evacuation Pause) 331M->312M(1306M) 86.474ms
[6.095s][info][gc] GC(34) Pause Cleanup 382M->382M(1306M) 0.390ms
[6.109s][info][gc] GC(34) Concurrent Mark Cycle 502.912ms
[6.499s][info][gc] GC(37) Pause Young (Normal) (G1 Evacuation Pause) 597M->437M(1306M) 125.536ms
[6.976s][info][gc] GC(38) Pause Young (Normal) (G1 Evacuation Pause) 805M->537M(1306M) 126.228ms
[7.374s][info][gc] GC(39) Pause Young (Normal) (G1 Evacuation Pause) 819M->624M(1306M) 126.300ms
[7.709s][info][gc] GC(40) Pause Young (Normal) (G1 Evacuation Pause) 842M->721M(1306M) 125.570ms
[7.984s][info][gc] GC(41) Pause Young (Concurrent Start) (G1 Evacuation Pause) 877M->822M(1575M) 125.268ms
[7.984s][info][gc] GC(42) Concurrent Mark Cycle
[8.102s][info][gc] GC(42) Pause Remark 910M->240M(804M) 2.451ms
[8.202s][info][gc] GC(42) Pause Cleanup 344M->344M(804M) 0.401ms
[8.231s][info][gc] GC(42) Concurrent Mark Cycle 246.645ms
[8.366s][info][gc] GC(43) Pause Young (Normal) (G1 Evacuation Pause) 374M->267M(804M) 127.922ms
[8.656s][info][gc] GC(44) Pause Young (Normal) (G1 Evacuation Pause) 424M->371M(804M) 122.625ms
[8.881s][info][gc] GC(45) Pause Young (Normal) (G1 Evacuation Pause) 492M->457M(804M) 102.144ms
[9.052s][info][gc] GC(46) Pause Young (Concurrent Start) (G1 Evacuation Pause) 548M->528M(804M) 80.454ms
[9.052s][info][gc] GC(47) Concurrent Mark Cycle
[9.190s][info][gc] GC(48) Pause Young (Normal) (G1 Evacuation Pause) 594M->585M(1302M) 68.942ms
[9.313s][info][gc] GC(47) Pause Remark 692M->324M(1084M) 1.668ms
[9.590s][info][gc] GC(49) Pause Young (Normal) (G1 Evacuation Pause) 421M->346M(1084M) 132.366ms
[9.604s][info][gc] GC(47) Pause Cleanup 361M->361M(1084M) 0.436ms
[9.618s][info][gc] GC(47) Concurrent Mark Cycle 565.639ms
[9.948s][info][gc] GC(50) Pause Young (Normal) (G1 Evacuation Pause) 569M->457M(1084M) 134.156ms
[10.254s][info][gc] GC(51) Pause Young (Normal) (G1 Evacuation Pause) 641M->564M(1084M) 125.776ms
[10.518s][info][gc] GC(52) Pause Young (Concurrent Start) (G1 Evacuation Pause) 705M->658M(1084M) 125.348ms
[10.518s][info][gc] GC(53) Concurrent Mark Cycle
[10.737s][info][gc] GC(54) Pause Young (Normal) (G1 Evacuation Pause) 766M->742M(1084M) 104.370ms
[10.763s][info][gc] GC(53) Pause Remark 764M->271M(904M) 1.971ms
[10.903s][info][gc] GC(55) Pause Young (Normal) (G1 Evacuation Pause) 329M->316M(1362M) 81.721ms
[11.016s][info][gc] GC(53) Pause Cleanup 422M->422M(1362M) 0.569ms
[11.035s][info][gc] GC(53) Concurrent Mark Cycle 517.090ms
[11.345s][info][gc] GC(56) Pause Young (Normal) (G1 Evacuation Pause) 569M->441M(1362M) 134.258ms
[11.751s][info][gc] GC(57) Pause Young (Normal) (G1 Evacuation Pause) 711M->545M(1362M) 135.081ms
[12.145s][info][gc] GC(58) Pause Young (Normal) (G1 Evacuation Pause) 818M->646M(1362M) 127.355ms
[12.495s][info][gc] GC(59) Pause Young (Normal) (G1 Evacuation Pause) 874M->745M(1362M) 127.301ms
[12.790s][info][gc] GC(60) Pause Young (Concurrent Start) (G1 Evacuation Pause) 915M->850M(1637M) 127.713ms
[12.790s][info][gc] GC(61) Concurrent Mark Cycle
[12.902s][info][gc] GC(61) Pause Remark 932M->230M(767M) 2.530ms
[12.998s][info][gc] GC(61) Pause Cleanup 320M->320M(767M) 0.366ms
[13.039s][info][gc] GC(61) Concurrent Mark Cycle 248.963ms
[13.299s][info][gc] GC(62) Pause Young (Normal) (G1 Evacuation Pause) 480M->260M(767M) 126.416ms
[13.565s][info][gc] GC(63) Pause Young (Normal) (G1 Evacuation Pause) 408M->343M(767M) 112.879ms
[13.777s][info][gc] GC(64) Pause Young (Normal) (G1 Evacuation Pause) 462M->428M(767M) 96.073ms
[13.946s][info][gc] GC(65) Pause Young (Concurrent Start) (G1 Evacuation Pause) 517M->499M(767M) 80.151ms
[13.946s][info][gc] GC(66) Concurrent Mark Cycle
[14.081s][info][gc] GC(67) Pause Young (Normal) (G1 Evacuation Pause) 564M->556M(1280M) 66.480ms
[14.206s][info][gc] GC(66) Pause Remark 667M->334M(1117M) 1.706ms
[14.477s][info][gc] GC(68) Pause Young (Normal) (G1 Evacuation Pause) 431M->351M(1117M) 132.162ms
[14.493s][info][gc] GC(66) Pause Cleanup 366M->366M(1117M) 0.526ms
[14.507s][info][gc] GC(66) Concurrent Mark Cycle 561.514ms
[14.852s][info][gc] GC(69) Pause Young (Normal) (G1 Evacuation Pause) 587M->461M(1117M) 134.331ms
[15.172s][info][gc] GC(70) Pause Young (Normal) (G1 Evacuation Pause) 660M->566M(1117M) 125.901ms
[15.460s][info][gc] GC(71) Pause Young (Concurrent Start) (G1 Evacuation Pause) 717M->668M(1117M) 140.454ms
[15.460s][info][gc] GC(72) Concurrent Mark Cycle
[15.698s][info][gc] GC(73) Pause Young (Normal) (G1 Evacuation Pause) 784M->751M(1117M) 117.121ms
[15.705s][info][gc] GC(72) Pause Remark 757M->248M(830M) 1.710ms
[15.873s][info][gc] GC(74) Pause Young (Normal) (G1 Evacuation Pause) 329M->311M(1318M) 85.992ms
[15.958s][info][gc] GC(72) Pause Cleanup 394M->394M(1318M) 0.534ms
[15.975s][info][gc] GC(72) Concurrent Mark Cycle 514.490ms
[16.305s][info][gc] GC(75) Pause Young (Normal) (G1 Evacuation Pause) 558M->435M(1318M) 134.766ms
[16.711s][info][gc] GC(76) Pause Young (Normal) (G1 Evacuation Pause) 706M->540M(1318M) 131.554ms
[17.088s][info][gc] GC(77) Pause Young (Normal) (G1 Evacuation Pause) 797M->641M(1318M) 125.910ms
[17.419s][info][gc] GC(78) Pause Young (Concurrent Start) (G1 Evacuation Pause) 850M->742M(1318M) 126.093ms
[17.419s][info][gc] GC(79) Concurrent Mark Cycle
[17.534s][info][gc] GC(79) Pause Remark 852M->258M(864M) 2.054ms
[17.697s][info][gc] GC(80) Pause Young (Normal) (G1 Evacuation Pause) 300M->248M(864M) 118.826ms
[17.762s][info][gc] GC(79) Pause Cleanup 303M->303M(864M) 0.415ms
[17.799s][info][gc] GC(79) Concurrent Mark Cycle 380.019ms
[18.051s][info][gc] GC(81) Pause Young (Normal) (G1 Evacuation Pause) 451M->364M(864M) 125.166ms
[18.307s][info][gc] GC(82) Pause Young (Normal) (G1 Evacuation Pause) 506M->463M(1338M) 116.672ms
[18.784s][info][gc] GC(83) Pause Young (Normal) (G1 Evacuation Pause) 753M->580M(1338M) 136.017ms
[19.152s][info][gc] GC(84) Pause Young (Normal) (G1 Evacuation Pause) 825M->679M(1338M) 126.865ms
[19.476s][info][gc] GC(85) Pause Young (Concurrent Start) (G1 Evacuation Pause) 875M->781M(1338M) 133.005ms
[19.476s][info][gc] GC(86) Concurrent Mark Cycle
[19.593s][info][gc] GC(86) Pause Remark 892M->257M(860M) 2.154ms
[19.744s][info][gc] GC(87) Pause Young (Normal) (G1 Evacuation Pause) 292M->245M(860M) 114.705ms
[19.822s][info][gc] GC(86) Pause Cleanup 315M->315M(860M) 0.412ms
[19.836s][info][gc] GC(86) Concurrent Mark Cycle 360.313ms
[20.086s][info][gc] GC(88) Pause Young (Normal) (G1 Evacuation Pause) 447M->362M(860M) 125.843ms
[20.344s][info][gc] GC(89) Pause Young (Normal) (G1 Evacuation Pause) 504M->461M(1336M) 119.472ms
[20.824s][info][gc] GC(90) Pause Young (Normal) (G1 Evacuation Pause) 751M->577M(1336M) 135.566ms
[21.191s][info][gc] GC(91) Pause Young (Normal) (G1 Evacuation Pause) 822M->677M(1336M) 125.262ms
[21.517s][info][gc] GC(92) Pause Young (Concurrent Start) (G1 Evacuation Pause) 873M->779M(1336M) 133.341ms
[21.517s][info][gc] GC(93) Concurrent Mark Cycle
[21.633s][info][gc] GC(93) Pause Remark 889M->257M(857M) 2.349ms
[21.781s][info][gc] GC(94) Pause Young (Normal) (G1 Evacuation Pause) 293M->245M(857M) 111.664ms
[21.859s][info][gc] GC(93) Pause Cleanup 308M->308M(857M) 0.428ms
[21.874s][info][gc] GC(93) Concurrent Mark Cycle 357.048ms
[22.126s][info][gc] GC(95) Pause Young (Normal) (G1 Evacuation Pause) 446M->361M(857M) 125.340ms
[22.385s][info][gc] GC(96) Pause Young (Normal) (G1 Evacuation Pause) 502M->463M(1334M) 120.157ms
[22.860s][info][gc] GC(97) Pause Young (Normal) (G1 Evacuation Pause) 751M->579M(1334M) 134.990ms
[23.223s][info][gc] GC(98) Pause Young (Normal) (G1 Evacuation Pause) 822M->679M(1334M) 125.378ms
[23.547s][info][gc] GC(99) Pause Young (Concurrent Start) (G1 Evacuation Pause) 873M->781M(1334M) 133.623ms
[23.547s][info][gc] GC(100) Concurrent Mark Cycle
[23.662s][info][gc] GC(100) Pause Remark 891M->257M(860M) 1.812ms
[23.814s][info][gc] GC(101) Pause Young (Normal) (G1 Evacuation Pause) 291M->247M(860M) 116.719ms
[23.893s][info][gc] GC(100) Pause Cleanup 317M->317M(860M) 0.354ms
[23.905s][info][gc] GC(100) Concurrent Mark Cycle 357.823ms
[24.152s][info][gc] GC(102) Pause Young (Normal) (G1 Evacuation Pause) 448M->363M(860M) 124.738ms
[24.403s][info][gc] GC(103) Pause Young (Normal) (G1 Evacuation Pause) 504M->457M(1336M) 113.718ms
[24.886s][info][gc] GC(104) Pause Young (Normal) (G1 Evacuation Pause) 749M->573M(1336M) 137.137ms
[25.253s][info][gc] GC(105) Pause Young (Normal) (G1 Evacuation Pause) 820M->672M(1336M) 125.844ms
[25.581s][info][gc] GC(106) Pause Young (Concurrent Start) (G1 Evacuation Pause) 871M->774M(1336M) 132.407ms
[25.582s][info][gc] GC(107) Concurrent Mark Cycle
[25.698s][info][gc] GC(107) Pause Remark 884M->258M(864M) 2.252ms
[25.851s][info][gc] GC(108) Pause Young (Normal) (G1 Evacuation Pause) 294M->244M(864M) 116.007ms
[25.927s][info][gc] GC(107) Pause Cleanup 311M->311M(864M) 0.409ms
[25.941s][info][gc] GC(107) Concurrent Mark Cycle 359.286ms
[26.197s][info][gc] GC(109) Pause Young (Normal) (G1 Evacuation Pause) 449M->359M(864M) 125.309ms
[26.466s][info][gc] GC(110) Pause Young (Normal) (G1 Evacuation Pause) 503M->465M(1338M) 127.816ms
[26.944s][info][gc] GC(111) Pause Young (Normal) (G1 Evacuation Pause) 754M->581M(1338M) 136.057ms
[27.308s][info][gc] GC(112) Pause Young (Normal) (G1 Evacuation Pause) 825M->680M(1338M) 126.055ms
[27.634s][info][gc] GC(113) Pause Young (Concurrent Start) (G1 Evacuation Pause) 875M->783M(1338M) 133.933ms
[27.634s][info][gc] GC(114) Concurrent Mark Cycle
[27.750s][info][gc] GC(114) Pause Remark 893M->258M(864M) 2.187ms
[27.902s][info][gc] GC(115) Pause Young (Normal) (G1 Evacuation Pause) 292M->247M(864M) 116.296ms
[27.974s][info][gc] GC(114) Pause Cleanup 292M->292M(864M) 0.406ms
[27.983s][info][gc] GC(114) Concurrent Mark Cycle 348.411ms
