[0.007s][info][gc] Using Parallel
[0.191s][info][gc] GC(0) Pause Young (Allocation Failure) 32M->24M(123M) 51.040ms
[0.281s][info][gc] GC(1) Pause Young (Allocation Failure) 57M->51M(155M) 63.166ms
[0.449s][info][gc] GC(2) Pause Young (Allocation Failure) 116M->108M(173M) 102.268ms
[0.727s][info][gc] GC(3) Pause Full (Ergonomics) 108M->106M(278M) 278.569ms
[0.895s][info][gc] GC(4) Pause Young (Allocation Failure) 171M->160M(314M) 115.596ms
[1.153s][info][gc] GC(5) Pause Full (Ergonomics) 160M->141M(413M) 256.982ms
[1.643s][info][gc] GC(6) Pause Young (Allocation Failure) 267M->249M(330M) 359.342ms
[1.962s][info][gc] GC(7) Pause Full (Ergonomics) 249M->141M(495M) 318.535ms
[2.098s][info][gc] GC(8) Pause Young (Allocation Failure) 183M->178M(507M) 101.055ms
[2.418s][info][gc] GC(9) Pause Young (Allocation Failure) 240M->231M(512M) 266.718ms
[2.900s][info][gc] GC(10) Pause Young (Allocation Failure) 293M->279M(528M) 429.643ms
[3.374s][info][gc] GC(11) Pause Young (Allocation Failure) 347M->298M(555M) 411.918ms
[3.846s][info][gc] GC(12) Pause Young (Allocation Failure) 366M->298M(589M) 416.497ms
[4.338s][info][gc] GC(13) Pause Young (Allocation Failure) 380M->298M(603M) 422.820ms
[4.829s][info][gc] GC(14) Pause Young (Allocation Failure) 380M->298M(643M) 421.847ms
[5.353s][info][gc] GC(15) Pause Young (Allocation Failure) 410M->298M(652M) 429.060ms
[5.877s][info][gc] GC(16) Pause Young (Allocation Failure) 410M->340M(680M) 430.110ms
[6.456s][info][gc] GC(17) Pause Young (Allocation Failure) 506M->382M(688M) 434.157ms
[7.036s][info][gc] GC(18) Pause Young (Allocation Failure) 548M->382M(768M) 439.735ms
[7.670s][info][gc] GC(19) Pause Young (Allocation Failure) 620M->382M(774M) 433.353ms
[8.311s][info][gc] GC(20) Pause Young (Allocation Failure) 620M->382M(819M) 439.736ms
[8.983s][info][gc] GC(21) Pause Young (Allocation Failure) 662M->382M(759M) 434.518ms
[9.655s][info][gc] GC(22) Pause Young (Allocation Failure) 662M->382M(820M) 433.593ms
[10.321s][info][gc] GC(23) Pause Young (Allocation Failure) 658M->382M(820M) 432.981ms
[10.993s][info][gc] GC(24) Pause Young (Allocation Failure) 658M->382M(818M) 435.312ms
[11.664s][info][gc] GC(25) Pause Young (Allocation Failure) 658M->382M(819M) 436.478ms
[12.333s][info][gc] GC(26) Pause Young (Allocation Failure) 658M->382M(817M) 435.425ms
[13.004s][info][gc] GC(27) Pause Young (Allocation Failure) 661M->382M(819M) 436.452ms
[13.677s][info][gc] GC(28) Pause Young (Allocation Failure) 661M->382M(820M) 436.581ms
[14.353s][info][gc] GC(29) Pause Young (Allocation Failure) 668M->382M(822M) 433.952ms
[15.030s][info][gc] GC(30) Pause Young (Allocation Failure) 668M->382M(824M) 434.879ms
[15.714s][info][gc] GC(31) Pause Young (Allocation Failure) 676M->382M(826M) 435.424ms
[16.399s][info][gc] GC(32) Pause Young (Allocation Failure) 676M->382M(829M) 435.932ms
[17.090s][info][gc] GC(33) Pause Young (Allocation Failure) 686M->382M(831M) 434.217ms
[17.782s][info][gc] GC(34) Pause Young (Allocation Failure) 686M->382M(834M) 435.823ms
[18.485s][info][gc] GC(35) Pause Young (Allocation Failure) 696M->382M(836M) 436.513ms
[19.188s][info][gc] GC(36) Pause Young (Allocation Failure) 696M->382M(840M) 437.350ms
[19.895s][info][gc] GC(37) Pause Young (Allocation Failure) 706M->382M(841M) 433.777ms
[20.604s][info][gc] GC(38) Pause Young (Allocation Failure) 706M->382M(845M) 434.329ms
[21.320s][info][gc] GC(39) Pause Young (Allocation Failure) 715M->382M(846M) 435.288ms
[22.035s][info][gc] GC(40) Pause Young (Allocation Failure) 715M->382M(850M) 433.300ms
[22.760s][info][gc] GC(41) Pause Young (Allocation Failure) 724M->382M(850M) 435.752ms
[23.482s][info][gc] GC(42) Pause Young (Allocation Failure) 724M->382M(855M) 433.747ms
[24.216s][info][gc] GC(43) Pause Young (Allocation Failure) 733M->382M(855M) 437.241ms
[24.950s][info][gc] GC(44) Pause Young (Allocation Failure) 733M->382M(859M) 436.541ms
[25.689s][info][gc] GC(45) Pause Young (Allocation Failure) 739M->382M(858M) 436.597ms
[26.427s][info][gc] GC(46) Pause Young (Allocation Failure) 739M->382M(862M) 436.321ms
[27.167s][info][gc] GC(47) Pause Young (Allocation Failure) 746M->382M(862M) 433.193ms
[27.908s][info][gc] GC(48) Pause Young (Allocation Failure) 746M->382M(865M) 435.886ms
[28.655s][info][gc] GC(49) Pause Young (Allocation Failure) 752M->382M(865M) 433.969ms
[29.403s][info][gc] GC(50) Pause Young (Allocation Failure) 752M->382M(869M) 435.644ms
[30.154s][info][gc] GC(51) Pause Young (Allocation Failure) 757M->382M(868M) 435.120ms
[30.909s][info][gc] GC(52) Pause Young (Allocation Failure) 757M->382M(871M) 436.896ms
[31.663s][info][gc] GC(53) Pause Young (Allocation Failure) 761M->382M(870M) 435.027ms
[32.417s][info][gc] GC(54) Pause Young (Allocation Failure) 761M->382M(873M) 434.082ms
[33.175s][info][gc] GC(55) Pause Young (Allocation Failure) 765M->382M(872M) 434.594ms
[33.932s][info][gc] GC(56) Pause Young (Allocation Failure) 765M->382M(875M) 434.262ms
[34.694s][info][gc] GC(57) Pause Young (Allocation Failure) 769M->382M(875M) 435.205ms
[35.456s][info][gc] GC(58) Pause Young (Allocation Failure) 769M->382M(877M) 434.643ms
[36.222s][info][gc] GC(59) Pause Young (Allocation Failure) 772M->382M(877M) 433.672ms
[36.987s][info][gc] GC(60) Pause Young (Allocation Failure) 772M->382M(878M) 436.439ms
[37.751s][info][gc] GC(61) Pause Young (Allocation Failure) 774M->382M(877M) 433.057ms
[38.515s][info][gc] GC(62) Pause Young (Allocation Failure) 774M->382M(879M) 432.789ms
