[0.008s][info][gc] Using Serial
[0.201s][info][gc] GC(0) Pause Young (Allocation Failure) 34M->25M(123M) 59.964ms
[0.304s][info][gc] GC(1) Pause Young (Allocation Failure) 59M->54M(123M) 74.354ms
[0.409s][info][gc] GC(2) Pause Young (Allocation Failure) 88M->83M(123M) 76.861ms
[0.515s][info][gc] GC(3) Pause Young (Allocation Failure) 117M->112M(147M) 78.224ms
[0.699s][info][gc] GC(4) Pause Full (Allocation Failure) 112M->112M(262M) 184.294ms
[0.949s][info][gc] GC(5) Pause Young (Allocation Failure) 181M->168M(262M) 181.901ms
[1.170s][info][gc] GC(6) Pause Young (Allocation Failure) 241M->229M(302M) 161.747ms
[1.524s][info][gc] GC(7) Pause Full (Allocation Failure) 229M->145M(350M) 353.926ms
[1.768s][info][gc] GC(8) Pause Young (Allocation Failure) 242M->228M(350M) 161.116ms
[2.054s][info][gc] GC(9) Pause Young (Allocation Failure) 325M->306M(403M) 206.480ms
[2.441s][info][gc] GC(10) Pause Full (Allocation Failure) 306M->145M(350M) 386.765ms
[2.681s][info][gc] GC(11) Pause Young (Allocation Failure) 242M->228M(350M) 158.545ms
[2.955s][info][gc] GC(12) Pause Young (Allocation Failure) 325M->306M(403M) 194.689ms
[3.345s][info][gc] GC(13) Pause Full (Allocation Failure) 306M->141M(350M) 389.961ms
[3.584s][info][gc] GC(14) Pause Young (Allocation Failure) 238M->224M(350M) 158.062ms
[3.855s][info][gc] GC(15) Pause Young (Allocation Failure) 321M->301M(398M) 191.172ms
[4.240s][info][gc] GC(16) Pause Full (Allocation Failure) 301M->141M(350M) 384.844ms
[4.482s][info][gc] GC(17) Pause Young (Allocation Failure) 238M->223M(350M) 156.798ms
[4.760s][info][gc] GC(18) Pause Young (Allocation Failure) 320M->302M(399M) 195.739ms
[5.146s][info][gc] GC(19) Pause Full (Allocation Failure) 302M->141M(350M) 385.096ms
[5.389s][info][gc] GC(20) Pause Young (Allocation Failure) 238M->224M(350M) 158.206ms
[5.664s][info][gc] GC(21) Pause Young (Allocation Failure) 321M->303M(400M) 192.789ms
[6.048s][info][gc] GC(22) Pause Full (Allocation Failure) 303M->141M(350M) 383.334ms
[6.290s][info][gc] GC(23) Pause Young (Allocation Failure) 238M->224M(350M) 158.821ms
[6.565s][info][gc] GC(24) Pause Young (Allocation Failure) 321M->303M(400M) 192.842ms
[6.949s][info][gc] GC(25) Pause Full (Allocation Failure) 303M->141M(350M) 384.608ms
[7.192s][info][gc] GC(26) Pause Young (Allocation Failure) 238M->224M(350M) 159.313ms
[7.469s][info][gc] GC(27) Pause Young (Allocation Failure) 321M->303M(400M) 195.788ms
[7.856s][info][gc] GC(28) Pause Full (Allocation Failure) 303M->141M(350M) 386.522ms
[8.098s][info][gc] GC(29) Pause Young (Allocation Failure) 238M->224M(350M) 158.839ms
[8.377s][info][gc] GC(30) Pause Young (Allocation Failure) 321M->303M(400M) 194.645ms
[8.761s][info][gc] GC(31) Pause Full (Allocation Failure) 303M->141M(350M) 384.276ms
[9.004s][info][gc] GC(32) Pause Young (Allocation Failure) 238M->224M(350M) 158.686ms
[9.281s][info][gc] GC(33) Pause Young (Allocation Failure) 321M->303M(400M) 192.307ms
[9.668s][info][gc] GC(34) Pause Full (Allocation Failure) 303M->141M(350M) 386.666ms
[9.910s][info][gc] GC(35) Pause Young (Allocation Failure) 238M->224M(350M) 158.759ms
[10.184s][info][gc] GC(36) Pause Young (Allocation Failure) 321M->303M(400M) 193.075ms
[10.568s][info][gc] GC(37) Pause Full (Allocation Failure) 303M->141M(350M) 383.041ms
[10.811s][info][gc] GC(38) Pause Young (Allocation Failure) 238M->224M(350M) 159.393ms
[11.085s][info][gc] GC(39) Pause Young (Allocation Failure) 321M->303M(400M) 193.331ms
[11.470s][info][gc] GC(40) Pause Full (Allocation Failure) 303M->141M(350M) 385.125ms
[11.716s][info][gc] GC(41) Pause Young (Allocation Failure) 238M->224M(350M) 158.426ms
[11.994s][info][gc] GC(42) Pause Young (Allocation Failure) 321M->303M(400M) 192.986ms
[12.378s][info][gc] GC(43) Pause Full (Allocation Failure) 303M->141M(350M) 383.903ms
[12.620s][info][gc] GC(44) Pause Young (Allocation Failure) 238M->224M(350M) 157.619ms
[12.897s][info][gc] GC(45) Pause Young (Allocation Failure) 321M->303M(400M) 193.461ms
[13.280s][info][gc] GC(46) Pause Full (Allocation Failure) 303M->141M(350M) 382.735ms
[13.521s][info][gc] GC(47) Pause Young (Allocation Failure) 238M->224M(350M) 157.966ms
[13.797s][info][gc] GC(48) Pause Young (Allocation Failure) 321M->303M(400M) 193.403ms
[14.182s][info][gc] GC(49) Pause Full (Allocation Failure) 303M->141M(350M) 384.806ms
[14.428s][info][gc] GC(50) Pause Young (Allocation Failure) 238M->224M(350M) 159.779ms
[14.704s][info][gc] GC(51) Pause Young (Allocation Failure) 321M->303M(400M) 193.230ms
[15.089s][info][gc] GC(52) Pause Full (Allocation Failure) 303M->141M(350M) 384.454ms
[15.334s][info][gc] GC(53) Pause Young (Allocation Failure) 238M->224M(350M) 160.182ms
[15.615s][info][gc] GC(54) Pause Young (Allocation Failure) 321M->303M(400M) 194.133ms
[16.001s][info][gc] GC(55) Pause Full (Allocation Failure) 303M->141M(350M) 386.044ms
[16.243s][info][gc] GC(56) Pause Young (Allocation Failure) 238M->224M(350M) 157.494ms
[16.519s][info][gc] GC(57) Pause Young (Allocation Failure) 321M->303M(400M) 193.620ms
[16.902s][info][gc] GC(58) Pause Full (Allocation Failure) 303M->141M(350M) 382.987ms
[17.147s][info][gc] GC(59) Pause Young (Allocation Failure) 238M->224M(350M) 158.576ms
[17.425s][info][gc] GC(60) Pause Young (Allocation Failure) 321M->303M(400M) 194.669ms
[17.809s][info][gc] GC(61) Pause Full (Allocation Failure) 303M->141M(350M) 384.739ms
[18.055s][info][gc] GC(62) Pause Young (Allocation Failure) 238M->224M(350M) 159.634ms
[18.333s][info][gc] GC(63) Pause Young (Allocation Failure) 321M->303M(400M) 193.054ms
[18.717s][info][gc] GC(64) Pause Full (Allocation Failure) 303M->141M(350M) 384.161ms
[18.961s][info][gc] GC(65) Pause Young (Allocation Failure) 238M->224M(350M) 157.991ms
[19.237s][info][gc] GC(66) Pause Young (Allocation Failure) 321M->303M(400M) 193.197ms
[19.626s][info][gc] GC(67) Pause Full (Allocation Failure) 303M->141M(350M) 388.599ms
[19.869s][info][gc] GC(68) Pause Young (Allocation Failure) 238M->224M(350M) 158.325ms
[20.148s][info][gc] GC(69) Pause Young (Allocation Failure) 321M->303M(400M) 194.893ms
[20.533s][info][gc] GC(70) Pause Full (Allocation Failure) 303M->141M(350M) 384.878ms
[20.776s][info][gc] GC(71) Pause Young (Allocation Failure) 238M->224M(350M) 159.052ms
[21.051s][info][gc] GC(72) Pause Young (Allocation Failure) 321M->303M(400M) 192.354ms
[21.433s][info][gc] GC(73) Pause Full (Allocation Failure) 303M->141M(350M) 382.096ms
[21.675s][info][gc] GC(74) Pause Young (Allocation Failure) 238M->224M(350M) 159.008ms
[21.950s][info][gc] GC(75) Pause Young (Allocation Failure) 321M->303M(400M) 193.225ms
[22.336s][info][gc] GC(76) Pause Full (Allocation Failure) 303M->141M(350M) 385.701ms
[22.578s][info][gc] GC(77) Pause Young (Allocation Failure) 238M->224M(350M) 157.740ms
[22.858s][info][gc] GC(78) Pause Young (Allocation Failure) 321M->303M(400M) 194.320ms
[23.242s][info][gc] GC(79) Pause Full (Allocation Failure) 303M->141M(350M) 383.868ms
[23.485s][info][gc] GC(80) Pause Young (Allocation Failure) 238M->224M(350M) 159.225ms
[23.760s][info][gc] GC(81) Pause Young (Allocation Failure) 321M->303M(400M) 193.226ms
[24.145s][info][gc] GC(82) Pause Full (Allocation Failure) 303M->141M(350M) 384.975ms
[24.388s][info][gc] GC(83) Pause Young (Allocation Failure) 238M->224M(350M) 159.365ms
[24.665s][info][gc] GC(84) Pause Young (Allocation Failure) 321M->303M(400M) 192.977ms
[25.050s][info][gc] GC(85) Pause Full (Allocation Failure) 303M->141M(350M) 384.737ms
[25.292s][info][gc] GC(86) Pause Young (Allocation Failure) 238M->224M(350M) 158.095ms
[25.571s][info][gc] GC(87) Pause Young (Allocation Failure) 321M->303M(400M) 192.917ms
[25.957s][info][gc] GC(88) Pause Full (Allocation Failure) 303M->141M(350M) 385.587ms
[26.198s][info][gc] GC(89) Pause Young (Allocation Failure) 238M->224M(350M) 158.396ms
[26.472s][info][gc] GC(90) Pause Young (Allocation Failure) 321M->303M(400M) 193.138ms
[26.857s][info][gc] GC(91) Pause Full (Allocation Failure) 303M->141M(350M) 384.473ms
[27.104s][info][gc] GC(92) Pause Young (Allocation Failure) 238M->224M(350M) 159.790ms
[27.381s][info][gc] GC(93) Pause Young (Allocation Failure) 321M->303M(400M) 193.929ms
[27.764s][info][gc] GC(94) Pause Full (Allocation Failure) 303M->141M(350M) 382.880ms
[28.004s][info][gc] GC(95) Pause Young (Allocation Failure) 238M->224M(350M) 158.179ms
[28.283s][info][gc] GC(96) Pause Young (Allocation Failure) 321M->303M(400M) 193.629ms
[28.666s][info][gc] GC(97) Pause Full (Allocation Failure) 303M->141M(350M) 383.281ms
[28.909s][info][gc] GC(98) Pause Young (Allocation Failure) 238M->224M(350M) 158.555ms
[29.187s][info][gc] GC(99) Pause Young (Allocation Failure) 321M->303M(400M) 193.340ms
[29.570s][info][gc] GC(100) Pause Full (Allocation Failure) 303M->141M(350M) 382.401ms
[29.814s][info][gc] GC(101) Pause Young (Allocation Failure) 238M->224M(350M) 158.775ms
[30.093s][info][gc] GC(102) Pause Young (Allocation Failure) 321M->303M(400M) 194.487ms
[30.477s][info][gc] GC(103) Pause Full (Allocation Failure) 303M->141M(350M) 384.142ms
[30.720s][info][gc] GC(104) Pause Young (Allocation Failure) 238M->224M(350M) 159.243ms
[30.998s][info][gc] GC(105) Pause Young (Allocation Failure) 321M->303M(400M) 193.518ms
[31.384s][info][gc] GC(106) Pause Full (Allocation Failure) 303M->141M(350M) 386.385ms
[31.628s][info][gc] GC(107) Pause Young (Allocation Failure) 238M->224M(350M) 160.472ms
[31.903s][info][gc] GC(108) Pause Young (Allocation Failure) 321M->303M(400M) 193.470ms
[32.288s][info][gc] GC(109) Pause Full (Allocation Failure) 303M->141M(350M) 385.268ms
[32.530s][info][gc] GC(110) Pause Young (Allocation Failure) 238M->224M(350M) 157.583ms
[32.808s][info][gc] GC(111) Pause Young (Allocation Failure) 321M->303M(400M) 192.835ms
[33.193s][info][gc] GC(112) Pause Full (Allocation Failure) 303M->141M(350M) 384.458ms
[33.436s][info][gc] GC(113) Pause Young (Allocation Failure) 238M->224M(350M) 159.986ms
[33.714s][info][gc] GC(114) Pause Young (Allocation Failure) 321M->303M(400M) 192.528ms
[34.098s][info][gc] GC(115) Pause Full (Allocation Failure) 303M->141M(350M) 384.046ms
[34.343s][info][gc] GC(116) Pause Young (Allocation Failure) 238M->224M(350M) 158.083ms
[34.619s][info][gc] GC(117) Pause Young (Allocation Failure) 321M->303M(400M) 193.205ms
[35.001s][info][gc] GC(118) Pause Full (Allocation Failure) 303M->141M(350M) 381.538ms
[35.244s][info][gc] GC(119) Pause Young (Allocation Failure) 238M->224M(350M) 157.730ms
[35.523s][info][gc] GC(120) Pause Young (Allocation Failure) 321M->303M(400M) 193.566ms
[35.907s][info][gc] GC(121) Pause Full (Allocation Failure) 303M->141M(350M) 384.902ms
[36.149s][info][gc] GC(122) Pause Young (Allocation Failure) 238M->224M(350M) 158.715ms
[36.428s][info][gc] GC(123) Pause Young (Allocation Failure) 321M->303M(400M) 195.972ms
[36.824s][info][gc] GC(124) Pause Full (Allocation Failure) 303M->141M(350M) 395.902ms
[37.088s][info][gc] GC(125) Pause Young (Allocation Failure) 238M->224M(350M) 177.925ms
[37.370s][info][gc] GC(126) Pause Young (Allocation Failure) 321M->303M(400M) 193.309ms
[37.756s][info][gc] GC(127) Pause Full (Allocation Failure) 303M->141M(350M) 386.174ms
[37.997s][info][gc] GC(128) Pause Young (Allocation Failure) 238M->224M(350M) 157.818ms
[38.274s][info][gc] GC(129) Pause Young (Allocation Failure) 321M->303M(400M) 193.739ms
[38.659s][info][gc] GC(130) Pause Full (Allocation Failure) 303M->141M(350M) 385.464ms
[38.903s][info][gc] GC(131) Pause Young (Allocation Failure) 238M->224M(350M) 158.657ms
[39.180s][info][gc] GC(132) Pause Young (Allocation Failure) 321M->303M(400M) 193.866ms
[39.566s][info][gc] GC(133) Pause Full (Allocation Failure) 303M->141M(350M) 385.427ms
[39.811s][info][gc] GC(134) Pause Young (Allocation Failure) 238M->224M(350M) 159.059ms
[40.087s][info][gc] GC(135) Pause Young (Allocation Failure) 321M->303M(400M) 193.233ms
[40.473s][info][gc] GC(136) Pause Full (Allocation Failure) 303M->141M(350M) 385.693ms
[40.719s][info][gc] GC(137) Pause Young (Allocation Failure) 238M->224M(350M) 159.182ms
[40.995s][info][gc] GC(138) Pause Young (Allocation Failure) 321M->303M(400M) 192.899ms
[41.379s][info][gc] GC(139) Pause Full (Allocation Failure) 303M->141M(350M) 384.388ms
[41.622s][info][gc] GC(140) Pause Young (Allocation Failure) 238M->224M(350M) 158.176ms
[41.899s][info][gc] GC(141) Pause Young (Allocation Failure) 321M->303M(400M) 194.237ms
[42.283s][info][gc] GC(142) Pause Full (Allocation Failure) 303M->141M(350M) 384.406ms
[42.529s][info][gc] GC(143) Pause Young (Allocation Failure) 238M->224M(350M) 159.788ms
[42.807s][info][gc] GC(144) Pause Young (Allocation Failure) 321M->303M(400M) 193.536ms
[43.193s][info][gc] GC(145) Pause Full (Allocation Failure) 303M->141M(350M) 385.044ms
[43.435s][info][gc] GC(146) Pause Young (Allocation Failure) 238M->224M(350M) 157.527ms
[43.711s][info][gc] GC(147) Pause Young (Allocation Failure) 321M->303M(400M) 192.360ms
[44.100s][info][gc] GC(148) Pause Full (Allocation Failure) 303M->141M(350M) 388.136ms
[44.344s][info][gc] GC(149) Pause Young (Allocation Failure) 238M->224M(350M) 158.536ms
[44.621s][info][gc] GC(150) Pause Young (Allocation Failure) 321M->303M(400M) 192.941ms
[45.007s][info][gc] GC(151) Pause Full (Allocation Failure) 303M->141M(350M) 385.155ms
[45.250s][info][gc] GC(152) Pause Young (Allocation Failure) 238M->224M(350M) 158.646ms
[45.526s][info][gc] GC(153) Pause Young (Allocation Failure) 321M->303M(400M) 193.531ms
[45.910s][info][gc] GC(154) Pause Full (Allocation Failure) 303M->141M(350M) 383.182ms
[46.155s][info][gc] GC(155) Pause Young (Allocation Failure) 238M->224M(350M) 159.031ms
[46.432s][info][gc] GC(156) Pause Young (Allocation Failure) 321M->303M(400M) 194.028ms
[46.817s][info][gc] GC(157) Pause Full (Allocation Failure) 303M->141M(350M) 385.224ms
[47.062s][info][gc] GC(158) Pause Young (Allocation Failure) 238M->224M(350M) 158.011ms
[47.341s][info][gc] GC(159) Pause Young (Allocation Failure) 321M->303M(400M) 194.071ms
[47.727s][info][gc] GC(160) Pause Full (Allocation Failure) 303M->141M(350M) 385.901ms
[47.969s][info][gc] GC(161) Pause Young (Allocation Failure) 238M->224M(350M) 158.488ms
[48.248s][info][gc] GC(162) Pause Young (Allocation Failure) 321M->303M(400M) 193.771ms
[48.633s][info][gc] GC(163) Pause Full (Allocation Failure) 303M->141M(350M) 384.331ms
[48.879s][info][gc] GC(164) Pause Young (Allocation Failure) 238M->224M(350M) 160.410ms
[49.156s][info][gc] GC(165) Pause Young (Allocation Failure) 321M->303M(400M) 192.526ms
[49.542s][info][gc] GC(166) Pause Full (Allocation Failure) 303M->141M(350M) 385.341ms
[49.785s][info][gc] GC(167) Pause Young (Allocation Failure) 238M->224M(350M) 159.543ms
[50.061s][info][gc] GC(168) Pause Young (Allocation Failure) 321M->303M(400M) 193.569ms
[50.447s][info][gc] GC(169) Pause Full (Allocation Failure) 303M->141M(350M) 385.949ms
[50.691s][info][gc] GC(170) Pause Young (Allocation Failure) 238M->224M(350M) 159.712ms
[50.968s][info][gc] GC(171) Pause Young (Allocation Failure) 321M->303M(400M) 193.742ms
[51.351s][info][gc] GC(172) Pause Full (Allocation Failure) 303M->141M(350M) 382.763ms
[51.592s][info][gc] GC(173) Pause Young (Allocation Failure) 238M->224M(350M) 158.098ms
[51.870s][info][gc] GC(174) Pause Young (Allocation Failure) 321M->303M(400M) 192.791ms
[52.254s][info][gc] GC(175) Pause Full (Allocation Failure) 303M->141M(350M) 383.755ms
[52.497s][info][gc] GC(176) Pause Young (Allocation Failure) 238M->224M(350M) 159.307ms
[52.771s][info][gc] GC(177) Pause Young (Allocation Failure) 321M->303M(400M) 192.266ms
[53.155s][info][gc] GC(178) Pause Full (Allocation Failure) 303M->141M(350M) 383.348ms
[53.396s][info][gc] GC(179) Pause Young (Allocation Failure) 238M->224M(350M) 158.531ms
[53.675s][info][gc] GC(180) Pause Young (Allocation Failure) 321M->303M(400M) 193.320ms
[54.057s][info][gc] GC(181) Pause Full (Allocation Failure) 303M->141M(350M) 382.710ms
[54.302s][info][gc] GC(182) Pause Young (Allocation Failure) 238M->224M(350M) 158.384ms
[54.578s][info][gc] GC(183) Pause Young (Allocation Failure) 321M->303M(400M) 192.885ms
[54.962s][info][gc] GC(184) Pause Full (Allocation Failure) 303M->141M(350M) 383.618ms
[55.208s][info][gc] GC(185) Pause Young (Allocation Failure) 238M->224M(350M) 159.999ms
[55.488s][info][gc] GC(186) Pause Young (Allocation Failure) 321M->303M(400M) 193.606ms
[55.871s][info][gc] GC(187) Pause Full (Allocation Failure) 303M->141M(350M) 383.437ms
[56.118s][info][gc] GC(188) Pause Young (Allocation Failure) 238M->224M(350M) 160.855ms
[56.396s][info][gc] GC(189) Pause Young (Allocation Failure) 321M->303M(400M) 193.369ms
[56.779s][info][gc] GC(190) Pause Full (Allocation Failure) 303M->141M(350M) 383.089ms
[57.020s][info][gc] GC(191) Pause Young (Allocation Failure) 238M->224M(350M) 158.313ms
[57.296s][info][gc] GC(192) Pause Young (Allocation Failure) 321M->303M(400M) 193.616ms
[57.680s][info][gc] GC(193) Pause Full (Allocation Failure) 303M->141M(350M) 383.464ms
[57.924s][info][gc] GC(194) Pause Young (Allocation Failure) 238M->224M(350M) 158.262ms
[58.201s][info][gc] GC(195) Pause Young (Allocation Failure) 321M->303M(400M) 192.348ms
[58.583s][info][gc] GC(196) Pause Full (Allocation Failure) 303M->141M(350M) 382.489ms
[58.825s][info][gc] GC(197) Pause Young (Allocation Failure) 238M->224M(350M) 157.657ms
[59.103s][info][gc] GC(198) Pause Young (Allocation Failure) 321M->303M(400M) 194.795ms
[59.487s][info][gc] GC(199) Pause Full (Allocation Failure) 303M->141M(350M) 383.662ms
[59.730s][info][gc] GC(200) Pause Young (Allocation Failure) 238M->224M(350M) 158.079ms
[60.009s][info][gc] GC(201) Pause Young (Allocation Failure) 321M->303M(400M) 194.588ms
[60.394s][info][gc] GC(202) Pause Full (Allocation Failure) 303M->141M(350M) 385.572ms
[60.638s][info][gc] GC(203) Pause Young (Allocation Failure) 238M->224M(350M) 158.291ms
[60.914s][info][gc] GC(204) Pause Young (Allocation Failure) 321M->303M(400M) 192.365ms
[61.299s][info][gc] GC(205) Pause Full (Allocation Failure) 303M->141M(350M) 385.414ms
[61.543s][info][gc] GC(206) Pause Young (Allocation Failure) 238M->224M(350M) 158.185ms
[61.819s][info][gc] GC(207) Pause Young (Allocation Failure) 321M->303M(400M) 193.623ms
[62.201s][info][gc] GC(208) Pause Full (Allocation Failure) 303M->141M(350M) 382.743ms
[62.446s][info][gc] GC(209) Pause Young (Allocation Failure) 238M->224M(350M) 158.422ms
[62.724s][info][gc] GC(210) Pause Young (Allocation Failure) 321M->303M(400M) 193.446ms
[63.109s][info][gc] GC(211) Pause Full (Allocation Failure) 303M->141M(350M) 384.472ms
[63.353s][info][gc] GC(212) Pause Young (Allocation Failure) 238M->224M(350M) 158.814ms
[63.629s][info][gc] GC(213) Pause Young (Allocation Failure) 321M->303M(400M) 192.746ms
[64.015s][info][gc] GC(214) Pause Full (Allocation Failure) 303M->141M(350M) 386.030ms
[64.258s][info][gc] GC(215) Pause Young (Allocation Failure) 238M->224M(350M) 157.382ms
[64.537s][info][gc] GC(216) Pause Young (Allocation Failure) 321M->303M(400M) 192.557ms
[64.921s][info][gc] GC(217) Pause Full (Allocation Failure) 303M->141M(350M) 384.162ms
[65.163s][info][gc] GC(218) Pause Young (Allocation Failure) 238M->224M(350M) 158.247ms
[65.440s][info][gc] GC(219) Pause Young (Allocation Failure) 321M->303M(400M) 193.070ms
[65.823s][info][gc] GC(220) Pause Full (Allocation Failure) 303M->141M(350M) 383.007ms
[66.065s][info][gc] GC(221) Pause Young (Allocation Failure) 238M->224M(350M) 158.283ms
[66.342s][info][gc] GC(222) Pause Young (Allocation Failure) 321M->303M(400M) 193.487ms
[66.725s][info][gc] GC(223) Pause Full (Allocation Failure) 303M->141M(350M) 382.899ms
[66.968s][info][gc] GC(224) Pause Young (Allocation Failure) 238M->224M(350M) 158.058ms
[67.243s][info][gc] GC(225) Pause Young (Allocation Failure) 321M->303M(400M) 192.326ms
[67.631s][info][gc] GC(226) Pause Full (Allocation Failure) 303M->141M(350M) 387.627ms
[67.873s][info][gc] GC(227) Pause Young (Allocation Failure) 238M->224M(350M) 157.316ms
[68.153s][info][gc] GC(228) Pause Young (Allocation Failure) 321M->303M(400M) 193.340ms
[68.538s][info][gc] GC(229) Pause Full (Allocation Failure) 303M->141M(350M) 385.034ms
[68.780s][info][gc] GC(230) Pause Young (Allocation Failure) 238M->224M(350M) 157.923ms
[69.056s][info][gc] GC(231) Pause Young (Allocation Failure) 321M->303M(400M) 193.816ms
[69.439s][info][gc] GC(232) Pause Full (Allocation Failure) 303M->141M(350M) 382.837ms
[69.682s][info][gc] GC(233) Pause Young (Allocation Failure) 238M->224M(350M) 157.985ms
[69.960s][info][gc] GC(234) Pause Young (Allocation Failure) 321M->303M(400M) 194.746ms
[70.345s][info][gc] GC(235) Pause Full (Allocation Failure) 303M->141M(350M) 385.057ms
[70.587s][info][gc] GC(236) Pause Young (Allocation Failure) 238M->224M(350M) 159.885ms
[70.864s][info][gc] GC(237) Pause Young (Allocation Failure) 321M->303M(400M) 192.970ms
[71.248s][info][gc] GC(238) Pause Full (Allocation Failure) 303M->141M(350M) 384.115ms
[71.489s][info][gc] GC(239) Pause Young (Allocation Failure) 238M->224M(350M) 157.713ms
[71.764s][info][gc] GC(240) Pause Young (Allocation Failure) 321M->303M(400M) 193.827ms
[72.149s][info][gc] GC(241) Pause Full (Allocation Failure) 303M->141M(350M) 384.529ms
[72.391s][info][gc] GC(242) Pause Young (Allocation Failure) 238M->224M(350M) 158.970ms
[72.666s][info][gc] GC(243) Pause Young (Allocation Failure) 321M->303M(400M) 192.725ms
[73.051s][info][gc] GC(244) Pause Full (Allocation Failure) 303M->141M(350M) 385.326ms
[73.295s][info][gc] GC(245) Pause Young (Allocation Failure) 238M->224M(350M) 159.525ms
[73.570s][info][gc] GC(246) Pause Young (Allocation Failure) 321M->303M(400M) 192.975ms
[73.953s][info][gc] GC(247) Pause Full (Allocation Failure) 303M->141M(350M) 382.578ms
[74.196s][info][gc] GC(248) Pause Young (Allocation Failure) 238M->224M(350M) 158.080ms
[74.476s][info][gc] GC(249) Pause Young (Allocation Failure) 321M->303M(400M) 194.261ms
[74.860s][info][gc] GC(250) Pause Full (Allocation Failure) 303M->141M(350M) 383.830ms
